// Jest Snapshot v1, https://goo.gl/fbAQLP

exports[`CeTimePicker.vue should match snapshot 1`] = `
<div class="v-menu">
  <div class="v-input v-input--is-label-active v-input--is-dirty v-input--is-readonly theme--light v-text-field">
    <div class="v-input__prepend-outer">
      <div class="v-input__icon v-input__icon--prepend"><i aria-hidden="true" class="v-icon notranslate mdi mdi-clock theme--light"></i></div>
    </div>
    <div class="v-input__control">
      <div class="v-input__slot">
        <div class="v-text-field__slot"><label for="input-24" class="v-label v-label--active theme--light" style="left: 0px; position: absolute;">Choose time</label><input id="input-24" readonly="readonly" type="text"></div>
      </div>
      <div class="v-text-field__details">
        <div class="v-messages theme--light"><span name="message-transition" tag="div" class="v-messages__wrapper"></span></div>
      </div>
    </div>
  </div>
  <div role="menu" class="v-menu__content theme--light " style="max-height: auto; min-width: 290px; max-width: 290px; top: 12px; left: 0px; transform-origin: top left; z-index: 0; display: none;"></div>
</div>
`;
